{
	"Ref": "example.com/alpine:3.0",
	"Digest": "sha256:7328f6f8b41890597575cbaadc884e7386ae0acc53b747401ebce5cf0d62abcd",
	"SchemaV2Manifest": "ewogICAic2NoZW1hVmVyc2lvbiI6IDIsCiAgICJtZWRpYVR5cGUiOiAiYXBwbGljYXRpb24vdm5kLmRvY2tlci5kaXN0cmlidXRpb24ubWFuaWZlc3QudjIranNvbiIsCiAgICJjb25maWciOiB7CiAgICAgICJtZWRpYVR5cGUiOiAiYXBwbGljYXRpb24vdm5kLmRvY2tlci5jb250YWluZXIuaW1hZ2UudjEranNvbiIsCiAgICAgICJzaXplIjogMTUyMCwKICAgICAgImRpZ2VzdCI6ICJzaGEyNTY6NzMyOGY2ZjhiNDE4OTA1OTc1NzVjYmFhZGM4ODRlNzM4NmFlMGFjYzUzYjc0NzQwMWViY2U1Y2YwZDYyNDU2MCIKICAgfSwKICAgImxheWVycyI6IFsKICAgICAgewogICAgICAgICAibWVkaWFUeXBlIjogImFwcGxpY2F0aW9uL3ZuZC5kb2NrZXIuaW1hZ2Uucm9vdGZzLmRpZmYudGFyLmd6aXAiLAogICAgICAgICAic2l6ZSI6IDE5OTA0MDIsCiAgICAgICAgICJkaWdlc3QiOiAic2hhMjU2Ojg4Mjg2ZjQxNTMwZTkzZGZmZDRiOTY0ZTFkYjIyY2U0OTM5ZmZmYTRhNGM2NjVkYWI4NTkxZmJhYjAzZDQ5MjYiCiAgICAgIH0KICAgXQp9",
	"Platform": {
		"architecture": "arm",
		"os": "freebsd",
		"os.features": [
			"feature1"
		],
		"variant": "v7"
	}
}
