NAME        DESCRIPTION                               DOCKER ENDPOINT
current *   description of current                    https://someswarmserver.example.com
default     Current DOCKER_HOST based configuration   unix:///var/run/docker.sock
other       description of other                      https://someswarmserver.example.com
unset       description of unset                      https://someswarmserver.example.com
