{"Current":false,"Description":"description of context1","DockerEndpoint":"https://someswarmserver.example.com","Error":"","Name":"context1"}
{"Current":false,"Description":"description of context2","DockerEndpoint":"https://someswarmserver.example.com","Error":"","Name":"context2"}
{"Current":false,"Description":"description of context3","DockerEndpoint":"https://someswarmserver.example.com","Error":"","Name":"context3"}
{"Current":true,"Description":"description of current","DockerEndpoint":"https://someswarmserver.example.com","Error":"","Name":"current"}
{"Current":false,"Description":"Current DOCKER_HOST based configuration","DockerEndpoint":"unix:///var/run/docker.sock","Error":"","Name":"default"}
