NAME        TYPE      DESCRIPTION                               DOCKER ENDPOINT               KUBERNETES ENDPOINT            ORCHESTRATOR
current *   moby      description of current                    https://someswarmserver       https://someserver (default)   all
default     moby      Current DOCKER_HOST based configuration   unix:///var/run/docker.sock                                  swarm
other       moby      description of other                      https://someswarmserver       https://someserver (default)   all
unset       moby      description of unset                      https://someswarmserver       https://someserver (default)   
