CONTAINER ID   IMAGE            COMMAND   CREATED              STATUS        PORTS                NAMES
container_id   busybox:latest   "top"     About a minute ago   Up 1 minute                        c1
container_id   busybox:latest   "top"     About a minute ago   Up 1 minute                        c2
container_id   busybox:latest   "top"     About a minute ago   Up 1 minute   80-82/tcp            c3
container_id   busybox:latest   "top"     About a minute ago   Up 1 minute   81/udp               c4
container_id   busybox:latest   "top"     About a minute ago   Up 1 minute   8.8.8.8:82->82/tcp   c5
