ID                  NAME                IMAGE               NODE                DESIRED STATE       CURRENT STATE                ERROR               PORTS
id                  .nodeid             imagename           nodeid              Desiredstate        Currentstate 292 years ago   "error"             
